PS C:\Users\A01352033\Desktop\Tec> cd Construccion-de-software-y-toma-de-deisiones
>>
PS C:\Users\A01352033\Desktop\Tec\Construccion-de-software-y-toma-de-deisiones> git status
git : The term 'git' is not recognized as the name of a cmdlet, function, script file, or 
operable program. Check the spelling of the name, or if a path was included, verify that the path  
is correct and try again.
At line:1 char:1
+ git status
+ ~~~
    + CategoryInfo          : ObjectNotFound: (git:String) [], CommandNotFoundException
    + FullyQualifiedErrorId : CommandNotFoundException
 
PS C:\Users\A01352033\Desktop\Tec\Construccion-de-software-y-toma-de-deisiones> git status
On branch manu/no_plagio
nothing to commit, working tree clean
PS C:\Users\A01352033\Desktop\Tec\Construccion-de-software-y-toma-de-deisiones> git merge manu/no_plagio
Already up to date.
On branch manu/no_plagio
nothing to commit, working tree clean
fatal: The current branch manu/no_plagio has no upstream branch.
To push the current branch and set the remote as upstream, use

    git push --set-upstream origin manu/no_plagio

To have this happen automatically for branches without a tracking
upstream, see 'push.autoSetupRemote' in 'git help config'.

PS C:\Users\A01352033\Desktop\Tec\Construccion-de-software-y-toma-de-deisiones> git status
On branch manu/no_plagio
There is no tracking information for the current branch.
Please specify which branch you want to merge with.
See git-pull(1) for details.
    git pull <remote> <branch>

If you wish to set tracking information for this branch you can do so with:


PS C:\Users\A01352033\Desktop\Tec\Construccion-de-software-y-toma-de-deisiones> git branch
  develop
  main
* manu/no_plagio
git: 'cd' is not a git command. See 'git --help'.

The most similar command is
        add
fatal: a branch named 'main' already exists
PS C:\Users\A01352033\Desktop\Tec\Construccion-de-software-y-toma-de-deisiones> git main
git: 'main' is not a git command. See 'git --help'.
The most similar command is
        mailinfo
git: 'user' is not a git command. See 'git --help'.
The most similar command is
        subtree
PS C:\Users\A01352033\Desktop\Tec\Construccion-de-software-y-toma-de-deisiones> git branch
  develop
  main
* manu/no_plagio
Switched to branch 'main'
Your branch is up to date with 'origin/main'.
PS C:\Users\A01352033\Desktop\Tec\Construccion-de-software-y-toma-de-deisiones> git checkout manu/no_plagio
Switched to branch 'manu/no_plagio'
Untracked files:
  (use "git add <file>..." to include in what will be committed)
        Lab7.txt

nothing added to commit but untracked files present (use "git add" to track)
PS C:\Users\A01352033\Desktop\Tec\Construccion-de-software-y-toma-de-deisiones> git add
Nothing specified, nothing added.
hint: Turn this message off by running
hint: "git config advice.addEmptyPathspec false"
PS C:\Users\A01352033\Desktop\Tec\Construccion-de-software-y-toma-de-deisiones> git add -A
PS C:\Users\A01352033\Desktop\Tec\Construccion-de-software-y-toma-de-deisiones> git commit -m "Manu Lab"}
At line:1 char:25
+ git commit -m "Manu Lab"}
+                         ~
Unexpected token '}' in expression or statement.
    + CategoryInfo          : ParserError: (:) [], ParentContainsErrorRecordException
    + FullyQualifiedErrorId : UnexpectedToken
 
PS C:\Users\A01352033\Desktop\Tec\Construccion-de-software-y-toma-de-deisiones> git commit -m "Manu Lab"
[manu/no_plagio aeb59a1] Manu Lab
 Committer: Manuel Villalpando Linares <A01352033@tec.mx>
Your name and email address were configured automatically based
on your username and hostname. Please check that they are accurate.
following command and follow the instructions in your editor to edit
your configuration file:
    git config --global --edit
After doing this, you may fix the identity used for this commit with:
    git commit --amend --reset-author

 create mode 100644 Lab7.txt
PS C:\Users\A01352033\Desktop\Tec\Construccion-de-software-y-toma-de-deisiones> git checkout main
Switched to branch 'main'
Your branch is up to date with 'origin/main'.
PS C:\Users\A01352033\Desktop\Tec\Construccion-de-software-y-toma-de-deisiones> git checkout manu/no_plagio
PS C:\Users\A01352033\Desktop\Tec\Construccion-de-software-y-toma-de-deisiones> git merge 
fatal: No remote for the current branch.
PS C:\Users\A01352033\Desktop\Tec\Construccion-de-software-y-toma-de-deisiones> git checkout main
Switched to branch 'main'
Your branch is up to date with 'origin/main'.
PS C:\Users\A01352033\Desktop\Tec\Construccion-de-software-y-toma-de-deisiones> git merge manu/no_plagio
Updating e2cd75a..aeb59a1
Fast-forward
 Lab7.txt | 1 +
 1 file changed, 1 insertion(+)
PS C:\Users\A01352033\Desktop\Tec\Construccion-de-software-y-toma-de-deisiones> git push
info: please complete authentication in your browser...
Enumerating objects: 4, done.
Delta compression using up to 8 threads
Writing objects: 100% (3/3), 310 bytes | 155.00 KiB/s, done.
To https://github.com/A01352033/Construccion-de-software-y-toma-de-deisiones.git
   e2cd75a..aeb59a1  main -> main
PS C:\Users\A01352033\Desktop\Tec\Construccion-de-software-y-toma-de-deisiones> git branch
  develop
  manu/no_plagio
PS C:\Users\A01352033\Desktop\Tec\Construccion-de-software-y-toma-de-deisiones> git branch -D develop
Deleted branch develop (was e2cd75a).
PS C:\Users\A01352033\Desktop\Tec\Construccion-de-software-y-toma-de-deisiones> git branch -D manu/no_plagio
PS C:\Users\A01352033\Desktop\Tec\Construccion-de-software-y-toma-de-deisiones> git add -A
PS C:\Users\A01352033\Desktop\Tec\Construccion-de-software-y-toma-de-deisiones> git commit -m "Labs"
On branch main
Your branch is up to date with 'origin/main'.

nothing to commit, working tree clean
PS C:\Users\A01352033\Desktop\Tec\Construccion-de-software-y-toma-de-deisiones> git push
PS C:\Users\A01352033\Desktop\Tec\Construccion-de-software-y-toma-de-deisiones> cd Tec       
cd : Cannot find path 'C:\Users\A01352033\Desktop\Tec\Construccion-de-software-y-toma-de-deisiones\Tec' because it does not exist
At line:1 char:1
+ cd Tec
+ ~~~~~~
    + CategoryInfo          : ObjectNotFound: (C:\Users\A01352...e-deisiones\Tec:String) [Set-Location], ItemNotFoundException
    + FullyQualifiedErrorId : PathNotFound,Microsoft.PowerShell.Commands.SetLocationCommand
 
cd : Cannot find path 'C:\Users\A01352033\Desktop\Tec\Construccion-de-software-y-toma-de-deisiones\Tec' because it does not exist
+ cd Tec
+ ~~~~~~
    + CategoryInfo          : ObjectNotFound: (C:\Users\A01352...e-deisiones\Tec:String) [Set-Location], ItemNotFoundException
    + FullyQualifiedErrorId : PathNotFound,Microsoft.PowerShell.Commands.SetLocationCommand
 
PS C:\Users\A01352033\Desktop\Tec\Construccion-de-software-y-toma-de-deisiones> cd C:\Users\A01352033\Desktop\Tec
PS C:\Users\A01352033\Desktop\Tec> git pull https://github.com/ricardo020202/Total-Tech.git
PS C:\Users\A01352033\Desktop\Tec> git clone https://github.com/ricardo020202/Total-Tech.git
remote: Counting objects: 100% (26/26), done.
Receiving objects:  57% (15/26), 460.00 KiB | 849.00 KiB/sd 0
Resolving deltas: 100% (1/1), done.
PS C:\Users\A01352033\Desktop\Tec> git branch
PS C:\Users\A01352033\Desktop\Tec> cd Total-Tech
PS C:\Users\A01352033\Desktop\Tec\Total-Tech> git branch
* main
PS C:\Users\A01352033\Desktop\Tec\Total-Tech> git pull
PS C:\Users\A01352033\Desktop\Tec\Total-Tech> git checkout develop
Switched to a new branch 'develop'
PS C:\Users\A01352033\Desktop\Tec\Total-Tech> git main

The most similar command is
        mailinfo
* develop
  main
PS C:\Users\A01352033\Desktop\Tec\Total-Tech> git checkout -b Manubonito
Switched to a new branch 'Manubonito'
PS C:\Users\A01352033\Desktop\Tec\Total-Tech> git branch
* Manubonito
  develop
  main
PS C:\Users\A01352033\Desktop\Tec\Total-Tech> git pull
From https://github.com/ricardo020202/Total-Tech
 * [new branch]      Ricardo    -> origin/Ricardo
 * [new branch]      erik       -> origin/erik
There is no tracking information for the current branch.
See git-pull(1) for details.

If you wish to set tracking information for this branch you can do so with:
    git branch --set-upstream-to=origin/<branch> Manubonito

PS C:\Users\A01352033\Desktop\Tec\Total-Tech> git add-A
git: 'add-A' is not a git command. See 'git --help'.
PS C:\Users\A01352033\Desktop\Tec\Total-Tech> git add -A
PS C:\Users\A01352033\Desktop\Tec\Total-Tech> git commit -m "Prueba"       
On branch Manubonito
nothing to commit, working tree clean
Total 0 (delta 0), reused 0 (delta 0), pack-reused 0
remote:
remote: Create a pull request for 'Manubonito' on GitHub by visiting:
remote:      https://github.com/ricardo020202/Total-Tech/pull/new/Manubonito
remote:
 * [new branch]      Manubonito -> Manubonito
branch 'Manubonito' set up to track 'origin/Manubonito'.
PS C:\Users\A01352033\Desktop\Tec\Total-Tech> git pull 
 * [new branch]      Francisco  -> origin/Francisco
 * [new branch]      gama       -> origin/gama
Already up to date.
PS C:\Users\A01352033\Desktop\Tec\Total-Tech> git branch
  develop
  main
Already up to date.
PS C:\Users\A01352033\Desktop\Tec\Total-Tech> git branch
* Manubonito
  main
PS C:\Users\A01352033\Desktop\Tec\Total-Tech> git checkout main 
Your branch is up to date with 'origin/main'.
  Manubonito
  develop
* main
Already on 'main'
Your branch is up to date with 'origin/main'.
Already up to date.
  Manubonito
  develop
PS C:\Users\A01352033\Desktop\Tec\Total-Tech> git checkout gama
Switched to a new branch 'gama'
branch 'gama' set up to track 'origin/gama'.
PS C:\Users\A01352033\Desktop\Tec\Total-Tech> git pull
PS C:\Users\A01352033\Desktop\Tec\Total-Tech> git checkout main
Switched to branch 'main'
PS C:\Users\A01352033\Desktop\Tec\Total-Tech> git branch
  Manubonito
  develop
  gama
* main
PS C:\Users\A01352033\Desktop\Tec\Total-Tech> git checkout "Manubonito"
Switched to branch 'Manubonito'
Your branch is up to date with 'origin/Manubonito'.
PS C:\Users\A01352033\Desktop\Tec\Total-Tech> git pull
remote: Enumerating objects: 10, done.
remote: Counting objects: 100% (10/10), done.
remote: Compressing objects: 100% (4/4), done.
remote: Total 8 (delta 3), reused 8 (delta 3), pack-reused 0
Unpacking objects: 100% (8/8), 965 bytes | 14.00 KiB/s, done.
 * [new branch]      PabloJavArrVel -> origin/PabloJavArrVel
   a21e275..6c6df6c  gama           -> origin/gama
Updating 5eae0f9..e3cfc47
Fast-forward
 holamanu.txt | 1 +
 1 file changed, 1 insertion(+)
 create mode 100644 holamanu.txt
PS C:\Users\A01352033\Desktop\Tec\Total-Tech> git add -A
PS C:\Users\A01352033\Desktop\Tec\Total-Tech> git commit -m "Hola dante"
[Manubonito 197da61] Hola dante
 Committer: Manuel Villalpando Linares <A01352033@tec.mx>
Your name and email address were configured automatically based
on your username and hostname. Please check that they are accurate.
You can suppress this message by setting them explicitly. Run the
following command and follow the instructions in your editor to edit

    git config --global --edit

After doing this, you may fix the identity used for this commit with:

    git commit --amend --reset-author

 1 file changed, 1 insertion(+)
PS C:\Users\A01352033\Desktop\Tec\Total-Tech> git push
Counting objects: 100% (5/5), done.
Delta compression using up to 8 threads
Compressing objects: 100% (2/2), done.
Writing objects: 100% (3/3), 296 bytes | 148.00 KiB/s, done.
remote: Resolving deltas: 100% (1/1), completed with 1 local object.
To https://github.com/ricardo020202/Total-Tech.git
   e3cfc47..197da61  Manubonito -> Manubonito
PS C:\Users\A01352033\Desktop\Tec\Total-Tech> git status
On branch Manubonito
Your branch is up to date with 'origin/Manubonito'.

nothing to commit, working tree clean
PS C:\Users\A01352033\Desktop\Tec\Total-Tech> git commit 

Changes not staged for commit:
  (use "git add/rm <file>..." to update what will be committed)
  (use "git restore <file>..." to discard changes in working directory)
        deleted:    holamanu.txt

no changes added to commit (use "git add" and/or "git commit -a")
PS C:\Users\A01352033\Desktop\Tec\Total-Tech> git add -A
PS C:\Users\A01352033\Desktop\Tec\Total-Tech> git commit -m "Manulindo"
[Manubonito 3a9b791] Manulindo
 Committer: Manuel Villalpando Linares <A01352033@tec.mx>
Your name and email address were configured automatically based
on your username and hostname. Please check that they are accurate.
You can suppress this message by setting them explicitly. Run the
following command and follow the instructions in your editor to edit
your configuration file:
    git config --global --edit

After doing this, you may fix the identity used for this commit with:

    git commit --amend --reset-author

 1 file changed, 2 deletions(-)
 delete mode 100644 holamanu.txt
PS C:\Users\A01352033\Desktop\Tec\Total-Tech> git push
Counting objects: 100% (3/3), done.
Delta compression using up to 8 threads
Compressing objects: 100% (2/2), done.
Writing objects: 100% (2/2), 231 bytes | 77.00 KiB/s, done.
remote: Resolving deltas: 100% (1/1), completed with 1 local object.
To https://github.com/ricardo020202/Total-Tech.git
PS C:\Users\A01352033\Desktop\Tec\Total-Tech> git status
On branch Manubonito
Your branch is up to date with 'origin/Manubonito'.

PS C:\Users\A01352033\Desktop\Tec\Total-Tech> git checkout main
Your branch is up to date with 'origin/main'.

nothing to commit, working tree clean
PS C:\Users\A01352033\Desktop\Tec\Total-Tech> git pull 
Already up to date.
PS C:\Users\A01352033\Desktop\Tec\Total-Tech> git push 
Everything up-to-date
PS C:\Users\A01352033\Desktop\Tec\Total-Tech> cd C:\Users\A01352033\Desktop\Tec
PS C:\Users\A01352033\Desktop\Tec> cd C:\Users\A01352033\Desktop\Tec\Construccion-de-software-y-toma-de-deisiones
PS C:\Users\A01352033\Desktop\Tec\Construccion-de-software-y-toma-de-deisiones> git status
On branch main
Your branch is up to date with 'origin/main'.

nothing to commit, working tree clean
PS C:\Users\A01352033\Desktop\Tec\Construccion-de-software-y-toma-de-deisiones> 